// Jest Snapshot v1, https://goo.gl/fbAQLP

exports[`matches snapshot matches to snapshot 1`] = `
<div
  className="Continents"
>
  <img
    alt="world-map"
    className="Continents__img"
    src="wrld-17.svg"
  />
  <ul
    className="Continents__list"
  >
    <li
      className="Continents__list_items"
    >
      <a
        className="Continents__list_items_name"
        href="/countries"
        onClick={[Function]}
      >
        <p
          name="continent"
        >
          Asia
        </p>
      </a>
      <p>
        0
      </p>
    </li>
    <li
      className="Continents__list_items"
    >
      <a
        className="Continents__list_items_name"
        href="/countries"
        onClick={[Function]}
      >
        <p
          name="continent"
        >
          Europe
        </p>
      </a>
      <p>
        0
      </p>
    </li>
    <li
      className="Continents__list_items"
    >
      <a
        className="Continents__list_items_name"
        href="/countries"
        onClick={[Function]}
      >
        <p
          name="continent"
        >
          Oceania
        </p>
      </a>
      <p>
        0
      </p>
    </li>
    <li
      className="Continents__list_items"
    >
      <a
        className="Continents__list_items_name"
        href="/countries"
        onClick={[Function]}
      >
        <p
          name="continent"
        >
          Africa
        </p>
      </a>
      <p>
        0
      </p>
    </li>
    <li
      className="Continents__list_items"
    >
      <a
        className="Continents__list_items_name"
        href="/countries"
        onClick={[Function]}
      >
        <p
          name="continent"
        >
          South America
        </p>
      </a>
      <p>
        0
      </p>
    </li>
    <li
      className="Continents__list_items"
    >
      <a
        className="Continents__list_items_name"
        href="/countries"
        onClick={[Function]}
      >
        <p
          name="continent"
        >
          Central America
        </p>
      </a>
      <p>
        0
      </p>
    </li>
    <li
      className="Continents__list_items"
    >
      <a
        className="Continents__list_items_name"
        href="/countries"
        onClick={[Function]}
      >
        <p
          name="continent"
        >
          North America
        </p>
      </a>
      <p>
        0
      </p>
    </li>
  </ul>
</div>
`;
